2024-09-16 08:47:33,395 [INFO] o.s.e.EComApplication [restartedMain] Starting EComApplication using Java 21 with PID 18240 (C:\Users\ITCompliance\IdeaProjects\E-com\target\classes started by ITCompliance in C:\Users\ITCompliance\IdeaProjects\E-com)
2024-09-16 08:47:33,410 [INFO] o.s.e.EComApplication [restartedMain] No active profile set, falling back to 1 default profile: "default"
2024-09-16 08:47:33,466 [INFO] o.s.b.d.e.DevToolsPropertyDefaultsPostProcessor [restartedMain] Devtools property defaults active! Set 'spring.devtools.add-properties' to 'false' to disable
2024-09-16 08:47:33,467 [INFO] o.s.b.d.e.DevToolsPropertyDefaultsPostProcessor [restartedMain] For additional web related logging consider setting the 'logging.level.web' property to 'DEBUG'
2024-09-16 08:47:34,493 [INFO] o.s.d.r.c.RepositoryConfigurationDelegate [restartedMain] Bootstrapping Spring Data JPA repositories in DEFAULT mode.
2024-09-16 08:47:34,544 [INFO] o.s.d.r.c.RepositoryConfigurationDelegate [restartedMain] Finished Spring Data repository scanning in 44 ms. Found 2 JPA repository interfaces.
2024-09-16 08:47:35,335 [INFO] o.s.b.w.e.t.TomcatWebServer [restartedMain] Tomcat initialized with port 8081 (http)
2024-09-16 08:47:35,346 [INFO] o.a.c.c.StandardService [restartedMain] Starting service [Tomcat]
2024-09-16 08:47:35,347 [INFO] o.a.c.c.StandardEngine [restartedMain] Starting Servlet engine: [Apache Tomcat/10.1.25]
2024-09-16 08:47:35,391 [INFO] o.a.c.c.C.[.[.[/] [restartedMain] Initializing Spring embedded WebApplicationContext
2024-09-16 08:47:35,391 [INFO] o.s.b.w.s.c.ServletWebServerApplicationContext [restartedMain] Root WebApplicationContext: initialization completed in 1924 ms
2024-09-16 08:47:35,747 [INFO] o.h.j.i.u.LogHelper [restartedMain] HHH000204: Processing PersistenceUnitInfo [name: default]
2024-09-16 08:47:35,813 [INFO] o.h.Version [restartedMain] HHH000412: Hibernate ORM core version 6.5.2.Final
2024-09-16 08:47:35,858 [INFO] o.h.c.i.RegionFactoryInitiator [restartedMain] HHH000026: Second-level cache disabled
2024-09-16 08:47:36,185 [INFO] o.s.o.j.p.SpringPersistenceUnitInfo [restartedMain] No LoadTimeWeaver setup: ignoring JPA class transformer
2024-09-16 08:47:36,214 [INFO] c.z.h.HikariDataSource [restartedMain] HikariPool-1 - Starting...
2024-09-16 08:47:36,562 [INFO] c.z.h.p.HikariPool [restartedMain] HikariPool-1 - Added connection com.mysql.cj.jdbc.ConnectionImpl@52bb012a
2024-09-16 08:47:36,564 [INFO] c.z.h.HikariDataSource [restartedMain] HikariPool-1 - Start completed.
2024-09-16 08:47:37,553 [INFO] o.h.e.t.j.p.i.JtaPlatformInitiator [restartedMain] HHH000489: No JTA platform available (set 'hibernate.transaction.jta.platform' to enable JTA platform integration)
2024-09-16 08:47:37,636 [INFO] o.s.o.j.LocalContainerEntityManagerFactoryBean [restartedMain] Initialized JPA EntityManagerFactory for persistence unit 'default'
2024-09-16 08:47:38,005 [WARN] o.s.b.a.o.j.JpaBaseConfiguration$JpaWebConfiguration [restartedMain] spring.jpa.open-in-view is enabled by default. Therefore, database queries may be performed during view rendering. Explicitly configure spring.jpa.open-in-view to disable this warning
2024-09-16 08:47:38,393 [WARN] o.s.b.a.s.s.UserDetailsServiceAutoConfiguration [restartedMain] 

Using generated security password: b7dfb1c6-a1d9-4ec3-9031-1be2e850fb1a

This generated password is for development use only. Your security configuration must be updated before running your application in production.

2024-09-16 08:47:38,408 [INFO] o.s.s.c.a.a.c.InitializeUserDetailsBeanManagerConfigurer$InitializeUserDetailsManagerConfigurer [restartedMain] Global AuthenticationManager configured with UserDetailsService bean with name inMemoryUserDetailsManager
2024-09-16 08:47:38,726 [INFO] o.s.b.a.e.w.EndpointLinksResolver [restartedMain] Exposing 16 endpoints beneath base path '/actuator'
2024-09-16 08:47:39,134 [INFO] o.s.b.d.a.OptionalLiveReloadServer [restartedMain] LiveReload server is running on port 35729
2024-09-16 08:47:39,197 [INFO] o.s.b.w.e.t.TomcatWebServer [restartedMain] Tomcat started on port 8081 (http) with context path '/'
2024-09-16 08:47:39,209 [INFO] o.s.e.EComApplication [restartedMain] Started EComApplication in 6.238 seconds (process running for 7.005)
2024-09-16 08:47:39,636 [INFO] o.a.c.c.C.[.[.[/] [RMI TCP Connection(3)-192.168.36.44] Initializing Spring DispatcherServlet 'dispatcherServlet'
2024-09-16 08:47:39,636 [INFO] o.s.w.s.DispatcherServlet [RMI TCP Connection(3)-192.168.36.44] Initializing Servlet 'dispatcherServlet'
2024-09-16 08:47:39,638 [INFO] o.s.w.s.DispatcherServlet [RMI TCP Connection(3)-192.168.36.44] Completed initialization in 2 ms
